<html>
<body>
<pre>
<h1>µVision Build Log</h1>
<h2>Tool Versions:</h2>
IDE-Version: ¦ÌVision V5.38.0.0
Copyright (C) 2022 ARM Ltd and ARM Germany GmbH. All rights reserved.
License Information: 1 Asaka, 1, LIC=03C6R-K9TDU-HLLCL-0NAY1-HUEXE-NY4H0
 
Tool Versions:
Toolchain:       MDK-ARM Plus  Version: 5.38.0.0
Toolchain Path:  D:\Keil_v5\ARM\ARMCLANG\Bin
C Compiler:      ArmClang.exe V6.19
Assembler:       Armasm.exe V6.19
Linker/Locator:  ArmLink.exe V6.19
Library Manager: ArmAr.exe V6.19
Hex Converter:   FromElf.exe V6.19
CPU DLL:         
Dialog DLL:      
Target DLL:      CMSIS_AGDI_V8M.DLL V1.7.20.0
Dialog DLL:      TCM.DLL V1.56.4.0
 
<h2>Project:</h2>
D:\mcxvision_proj\smartcar_od\project\mdk\mcx_vision_board.uvprojx
Project File Date:  07/17/2024

<h2>Output:</h2>
*** Using Compiler 'V6.19', folder: 'D:\Keil_v5\ARM\ARMCLANG\Bin'
Build target 'mcx_vision_board'
compiling zf_model_process.cpp...
linking...
Program Size: Code=153420 RO-data=265716 RW-data=216192 ZI-data=209280  
".\Objects\mcx_vision_board.axf" - 0 Error(s), 0 Warning(s).

<h2>Software Packages used:</h2>

Package Vendor: NXP
                https://mcuxpresso.nxp.com/cmsis_pack/repo/NXP.MCXN947_DFP.17.0.0.pack
                NXP.MCXN947_DFP.17.0.0
                Device Family Pack for MCXN947

<h2>Collection of Component include folders:</h2>
  D:/Keil_v5/ARM/PACK/NXP/MCXN947_DFP/17.0.0/devices/MCXN947

<h2>Collection of Component Files used:</h2>
Build Time Elapsed:  00:00:01
</pre>
</body>
</html>
